BL51 BANKED LINKER/LOCATER V6.22.2.0                                                    09/05/2022  12:08:26  PAGE 1


BL51 BANKED LINKER/LOCATER V6.22.2.0, INVOKED BY:
G:\KEIL\C51\BIN\BL51.EXE .\Objects\STARTUP.obj, .\Objects\test2hh.obj TO .\Objects\test2 PRINT (.\Listings\test2.m51)


MEMORY MODEL: SMALL


INPUT MODULES INCLUDED:
  .\Objects\STARTUP.obj (?C_STARTUP)
  .\Objects\test2hh.obj (TEST2HH)
  G:\KEIL\C51\LIB\C51S.LIB (?C?SLCMP)


LINK MAP OF MODULE:  .\Objects\test2 (?C_STARTUP)


            TYPE    BASE      LENGTH    RELOCATION   SEGMENT NAME
            -----------------------------------------------------

            * * * * * * *   D A T A   M E M O R Y   * * * * * * *
            REG     0000H     0008H     ABSOLUTE     "REG BANK 0"
            DATA    0008H     0002H     UNIT         ?DT?TEST2HH
            IDATA   000AH     0001H     UNIT         ?STACK

            * * * * * * *   C O D E   M E M O R Y   * * * * * * *
            CODE    0000H     0003H     ABSOLUTE     
                    0003H     07FDH                  *** GAP ***
            CODE    0800H     0051H     UNIT         ?PR?MAIN?TEST2HH
            CODE    0851H     0016H     UNIT         ?C?LIB_CODE
            CODE    0867H     000CH     UNIT         ?C_C51STARTUP



OVERLAY MAP OF MODULE:   .\Objects\test2 (?C_STARTUP)


SEGMENT
  +--> CALLED SEGMENT
---------------------
?C_C51STARTUP
  +--> ?PR?MAIN?TEST2HH



SYMBOL TABLE OF MODULE:  .\Objects\test2 (?C_STARTUP)

  VALUE           TYPE          NAME
  ----------------------------------

  -------         MODULE        ?C_STARTUP
  C:0867H         SEGMENT       ?C_C51STARTUP
  I:000AH         SEGMENT       ?STACK
  C:0000H         PUBLIC        ?C_STARTUP
  D:00E0H         SYMBOL        ACC
  D:00F0H         SYMBOL        B
  D:0083H         SYMBOL        DPH
  D:0082H         SYMBOL        DPL
  N:0000H         SYMBOL        IBPSTACK
BL51 BANKED LINKER/LOCATER V6.22.2.0                                                  09/05/2022  12:08:26  PAGE 2


  N:0100H         SYMBOL        IBPSTACKTOP
  N:0080H         SYMBOL        IDATALEN
  C:086AH         SYMBOL        IDATALOOP
  N:0000H         SYMBOL        PBPSTACK
  N:0100H         SYMBOL        PBPSTACKTOP
  N:0000H         SYMBOL        PDATALEN
  N:0000H         SYMBOL        PDATASTART
  N:0000H         SYMBOL        PPAGE
  N:0000H         SYMBOL        PPAGEENABLE
  D:00A0H         SYMBOL        PPAGE_SFR
  D:0081H         SYMBOL        SP
  C:0867H         SYMBOL        STARTUP1
  N:0000H         SYMBOL        XBPSTACK
  N:0000H         SYMBOL        XBPSTACKTOP
  N:0000H         SYMBOL        XDATALEN
  N:0000H         SYMBOL        XDATASTART
  C:0000H         LINE#         126
  C:0867H         LINE#         133
  C:0869H         LINE#         134
  C:086AH         LINE#         135
  C:086BH         LINE#         136
  C:086DH         LINE#         185
  C:0870H         LINE#         196
  -------         ENDMOD        ?C_STARTUP

  -------         MODULE        TEST2HH
  C:0000H         SYMBOL        _ICE_DUMMY_
  D:00B0H         PUBLIC        P3
  C:0800H         PUBLIC        main
  B:00B0H.0       PUBLIC        led1
  D:0008H         PUBLIC        i
  B:00B0H.1       PUBLIC        led2
  B:00B0H.2       PUBLIC        led3
  B:00B0H.3       PUBLIC        led4
  -------         PROC          MAIN
  C:0800H         LINE#         9
  C:0800H         LINE#         10
  C:0822H         LINE#         11
  C:0824H         LINE#         12
  C:0826H         LINE#         13
  C:0848H         LINE#         14
  C:084AH         LINE#         15
  C:084CH         LINE#         16
  C:084EH         LINE#         17
  C:0850H         LINE#         18
  -------         ENDPROC       MAIN
  -------         ENDMOD        TEST2HH

  -------         MODULE        ?C?SLCMP
  C:0851H         PUBLIC        ?C?SLCMP
  -------         ENDMOD        ?C?SLCMP

******************************************************************************
* RESTRICTED VERSION WITH 0800H BYTE CODE SIZE LIMIT; USED: 0060H BYTE ( 4%) *
******************************************************************************

Program Size: data=11.0 xdata=0 code=118
BL51 BANKED LINKER/LOCATER V6.22.2.0                                                  09/05/2022  12:08:26  PAGE 3


LINK/LOCATE RUN COMPLETE.  0 WARNING(S),  0 ERROR(S)
